
Error Parsing Tree File (at "9taxa.nex" Line 20:4--20:29)
