Swap NONE, not doing main search
## HSearch Completed Successfully
score 3.000000
## PScores Completed Successfully

Done. (at "test1.nex" Line 23:3--23:20)
