## NJ Completed Successfully
score 60.000000
## PScores Completed Successfully

Done. (at "test3paup.nex" Line 21:3--21:20)
