Swap NONE, not doing main search
## HSearch Completed Successfully
score 102.000000
## PScores Completed Successfully

Done. (at "test2.nex" Line 23:3--23:20)
