Swap NONE, not doing main search
## HSearch Completed Successfully
score 0.000000
## PScores Completed Successfully

Done. (at "test4.nex" Line 23:3--23:20)
